// Jest Snapshot v1, https://goo.gl/fbAQLP

exports[`should render expense list item for provided expense 1`] = `
<div>
  <Link
    replace={false}
    to="/edit/1"
  >
    <h3>
      book
    </h3>
  </Link>
  <p>
    195
     - 
    0
  </p>
</div>
`;
